client/src/components/body/active-workout-session.tsx(27,47): error TS2304: Cannot find name 'useState'.
client/src/components/body/active-workout-session.tsx(28,45): error TS2304: Cannot find name 'useState'.
client/src/components/body/active-workout-session.tsx(31,5): error TS2304: Cannot find name 'useEffect'.
client/src/components/body/active-workout-session.tsx(33,29): error TS7006: Parameter 's' implicitly has an 'any' type.
client/src/components/body/body-map.tsx(23,29): error TS2304: Cannot find name 'useState'.
client/src/components/body/body-map.tsx(24,49): error TS2304: Cannot find name 'useState'.
client/src/components/body/body-map.tsx(25,47): error TS2304: Cannot find name 'useState'.
client/src/components/body/body-map.tsx(53,17): error TS7006: Parameter 'v' implicitly has an 'any' type.
client/src/components/body/hygiene-tab.tsx(13,43): error TS2304: Cannot find name 'useState'.
client/src/components/body/intake-tab.tsx(14,43): error TS2304: Cannot find name 'useState'.
client/src/components/body/rest-timer.tsx(14,35): error TS2304: Cannot find name 'useState'.
client/src/components/body/rest-timer.tsx(15,37): error TS2304: Cannot find name 'useState'.
client/src/components/body/rest-timer.tsx(16,43): error TS2304: Cannot find name 'useState'.
client/src/components/body/rest-timer.tsx(18,5): error TS2304: Cannot find name 'useEffect'.
client/src/components/body/rest-timer.tsx(22,29): error TS7006: Parameter 's' implicitly has an 'any' type.
client/src/components/body/rest-timer.tsx(36,53): error TS7006: Parameter 's' implicitly has an 'any' type.
client/src/components/body/sleep-tab.tsx(11,43): error TS2304: Cannot find name 'useState'.
client/src/components/body/workout-tab.tsx(33,43): error TS2304: Cannot find name 'useState'.
client/src/components/body/workout-tab.tsx(34,51): error TS2304: Cannot find name 'useState'.
client/src/components/body/workout-tab.tsx(35,55): error TS2304: Cannot find name 'useState'.
client/src/components/chapter-content-area.tsx(38,21): error TS2304: Cannot find name 'useMemo'.
client/src/components/chapter-content-area.tsx(158,51): error TS2304: Cannot find name 'useState'.
client/src/components/circular-progress.tsx(22,37): error TS2304: Cannot find name 'useState'.
client/src/components/dialogs/add-course-dialog.tsx(31,27): error TS2304: Cannot find name 'useState'.
client/src/components/dialogs/add-course-dialog.tsx(32,27): error TS2304: Cannot find name 'useState'.
client/src/components/dialogs/add-course-dialog.tsx(33,41): error TS2304: Cannot find name 'useState'.
client/src/components/dialogs/add-course-dialog.tsx(34,35): error TS2304: Cannot find name 'useState'.
client/src/components/dialogs/add-exercise-drawer.tsx(16,29): error TS2304: Cannot find name 'useState'.
client/src/components/dialogs/add-exercise-drawer.tsx(17,33): error TS2304: Cannot find name 'useState'.
client/src/components/dialogs/add-goal-dialog.tsx(24,27): error TS2304: Cannot find name 'useState'.
client/src/components/dialogs/add-hygiene-routine-dialog.tsx(19,29): error TS2304: Cannot find name 'useState'.
client/src/components/dialogs/add-intake-log-dialog.tsx(24,29): error TS2304: Cannot find name 'useState'.
client/src/components/dialogs/add-sleep-log-dialog.tsx(21,29): error TS2304: Cannot find name 'useState'.
client/src/components/dialogs/add-theme-dialog.tsx(24,27): error TS2304: Cannot find name 'useState'.
client/src/components/dialogs/add-theme-dialog.tsx(25,27): error TS2304: Cannot find name 'useState'.
client/src/components/dialogs/add-theme-dialog.tsx(26,41): error TS2304: Cannot find name 'useState'.
client/src/components/dialogs/add-time-block-dialog.tsx(76,43): error TS2304: Cannot find name 'useState'.
client/src/components/dialogs/add-time-block-dialog.tsx(127,3): error TS2304: Cannot find name 'useEffect'.
client/src/components/dialogs/add-time-block-dialog.tsx(143,3): error TS2304: Cannot find name 'useEffect'.
client/src/components/dialogs/add-time-block-dialog.tsx(150,3): error TS2304: Cannot find name 'useEffect'.
client/src/components/dialogs/add-workout-dialog.tsx(20,27): error TS2304: Cannot find name 'useState'.
client/src/components/dialogs/add-workout-preset-dialog.tsx(52,29): error TS2304: Cannot find name 'useState'.
client/src/components/dialogs/create-preset-dialog.tsx(55,27): error TS2304: Cannot find name 'useState'.
client/src/components/dialogs/create-preset-dialog.tsx(56,27): error TS2304: Cannot find name 'useState'.
client/src/components/dialogs/create-preset-dialog.tsx(57,31): error TS2304: Cannot find name 'useState'.
client/src/components/dialogs/create-preset-dialog.tsx(58,49): error TS2304: Cannot find name 'useState'.
client/src/components/dialogs/create-preset-dialog.tsx(109,26): error TS7006: Parameter 'b' implicitly has an 'any' type.
client/src/components/dialogs/create-preset-dialog.tsx(113,29): error TS7006: Parameter 'b' implicitly has an 'any' type.
client/src/components/dialogs/create-preset-dialog.tsx(127,37): error TS7006: Parameter 'b' implicitly has an 'any' type.
client/src/components/dialogs/create-preset-dialog.tsx(137,37): error TS7006: Parameter 'b' implicitly has an 'any' type.
client/src/components/dialogs/create-preset-dialog.tsx(191,30): error TS7006: Parameter 'block' implicitly has an 'any' type.
client/src/components/dialogs/material-viewer-dialog.tsx(14,47): error TS2304: Cannot find name 'useState'.
client/src/components/disciplines/create-discipline-dialog.tsx(23,33): error TS2304: Cannot find name 'useState'.
client/src/components/disciplines/create-discipline-dialog.tsx(26,29): error TS2304: Cannot find name 'useState'.
client/src/components/disciplines/create-discipline-dialog.tsx(27,43): error TS2304: Cannot find name 'useState'.
client/src/components/disciplines/create-discipline-dialog.tsx(28,31): error TS2304: Cannot find name 'useState'.
client/src/components/disciplines/discipline-card.tsx(17,49): error TS2304: Cannot find name 'useState'.
client/src/components/disciplines/training-dialog.tsx(30,37): error TS2304: Cannot find name 'useState'.
client/src/components/disciplines/training-dialog.tsx(31,31): error TS2304: Cannot find name 'useState'.
client/src/components/disciplines/training-dialog.tsx(32,37): error TS2304: Cannot find name 'useState'.
client/src/components/flashcards-overview.tsx(165,29): error TS2304: Cannot find name 'useState'.
client/src/components/flashcards-overview.tsx(166,27): error TS2304: Cannot find name 'useState'.
client/src/components/flashcards-overview.tsx(167,35): error TS2304: Cannot find name 'useState'.
client/src/components/flashcards-overview.tsx(168,35): error TS2304: Cannot find name 'useState'.
client/src/components/flashcards-overview.tsx(169,37): error TS2304: Cannot find name 'useState'.
client/src/components/flashcards-overview.tsx(170,20): error TS2304: Cannot find name 'useRef'.
client/src/components/flashcards-overview.tsx(171,19): error TS2304: Cannot find name 'useRef'.
client/src/components/flashcards-overview.tsx(522,51): error TS2304: Cannot find name 'useState'.
client/src/components/flashcards-overview.tsx(523,39): error TS2304: Cannot find name 'useState'.
client/src/components/flashcards-overview.tsx(524,45): error TS2304: Cannot find name 'useState'.
client/src/components/flashcards-overview.tsx(544,28): error TS2304: Cannot find name 'useMemo'.
client/src/components/flashcards-overview.tsx(591,17): error TS2304: Cannot find name 'useMemo'.
client/src/components/flashcards-overview.tsx(667,34): error TS7006: Parameter 'flashcard' implicitly has an 'any' type.
client/src/components/flashcards-overview.tsx(667,45): error TS7006: Parameter 'index' implicitly has an 'any' type.
client/src/components/learning-session.tsx(49,20): error TS2304: Cannot find name 'useMemo'.
client/src/components/learning-session.tsx(77,24): error TS7006: Parameter 'segment' implicitly has an 'any' type.
client/src/components/learning-session.tsx(86,24): error TS7006: Parameter 'segment' implicitly has an 'any' type.
client/src/components/learning-session.tsx(307,27): error TS2304: Cannot find name 'useState'.
client/src/components/learning-session.tsx(308,39): error TS2304: Cannot find name 'useState'.
client/src/components/learning-session.tsx(309,43): error TS2304: Cannot find name 'useState'.
client/src/components/learning-session.tsx(310,35): error TS2304: Cannot find name 'useState'.
client/src/components/learning-session.tsx(311,49): error TS2304: Cannot find name 'useState'.
client/src/components/learning-session.tsx(312,47): error TS2304: Cannot find name 'useState'.
client/src/components/learning-session.tsx(313,45): error TS2304: Cannot find name 'useState'.
client/src/components/learning-session.tsx(314,49): error TS2304: Cannot find name 'useState'.
client/src/components/learning-session.tsx(315,39): error TS2304: Cannot find name 'useState'.
client/src/components/learning-session.tsx(316,41): error TS2304: Cannot find name 'useState'.
client/src/components/learning-session.tsx(322,27): error TS2304: Cannot find name 'useCallback'.
client/src/components/learning-session.tsx(451,25): error TS7006: Parameter 'prev' implicitly has an 'any' type.
client/src/components/learning-session.tsx(453,26): error TS7006: Parameter 'prev' implicitly has an 'any' type.
client/src/components/learning-session.tsx(491,3): error TS2304: Cannot find name 'useEffect'.
client/src/components/learning-trajectory-sidebar.tsx(91,39): error TS2304: Cannot find name 'useState'.
client/src/components/learning-trajectory-sidebar.tsx(266,23): error TS2304: Cannot find name 'useMemo'.
client/src/components/learning-trajectory-sidebar.tsx(357,33): error TS7006: Parameter 'chapter' implicitly has an 'any' type.
client/src/components/learning-trajectory-sidebar.tsx(357,42): error TS7006: Parameter 'index' implicitly has an 'any' type.
client/src/components/onboarding-tour.tsx(3,10): error TS2614: Module '"@/App"' has no exported member 'useDebugTheme'. Did you mean to use 'import useDebugTheme from "@/App"' instead?
client/src/components/onboarding-tour.tsx(6,27): error TS2304: Cannot find name 'useState'.
client/src/components/onboarding-tour.tsx(7,37): error TS2304: Cannot find name 'useState'.
client/src/components/onboarding-tour.tsx(9,5): error TS2304: Cannot find name 'useEffect'.
client/src/components/social/user-search-dialog.tsx(23,33): error TS2304: Cannot find name 'useState'.
client/src/components/social/user-search-dialog.tsx(24,31): error TS2304: Cannot find name 'useState'.
client/src/pages/auth.tsx(29,31): error TS2304: Cannot find name 'useState'.
client/src/pages/auth.tsx(32,31): error TS2304: Cannot find name 'useState'.
client/src/pages/auth.tsx(33,37): error TS2304: Cannot find name 'useState'.
client/src/pages/auth.tsx(34,37): error TS2304: Cannot find name 'useState'.
client/src/pages/auth.tsx(35,51): error TS2304: Cannot find name 'useState'.
client/src/pages/auth.tsx(36,39): error TS2304: Cannot find name 'useState'.
client/src/pages/auth.tsx(42,35): error TS2304: Cannot find name 'useState'.
client/src/pages/auth.tsx(44,5): error TS2304: Cannot find name 'useEffect'.
client/src/pages/chapter-new.tsx(24,29): error TS2304: Cannot find name 'useState'.
client/src/pages/chapter-new.tsx(25,39): error TS2304: Cannot find name 'useState'.
client/src/pages/course-detail.tsx(75,29): error TS2304: Cannot find name 'useMemo'.
client/src/pages/course-detail.tsx(81,28): error TS2304: Cannot find name 'useMemo'.
client/src/pages/course-detail.tsx(85,21): error TS2304: Cannot find name 'useMemo'.
client/src/pages/course-detail.tsx(98,31): error TS2304: Cannot find name 'useMemo'.
client/src/pages/course-detail.tsx(190,53): error TS2304: Cannot find name 'useState'.
client/src/pages/course-detail.tsx(210,23): error TS2304: Cannot find name 'useMemo'.
client/src/pages/course-detail.tsx(211,27): error TS2304: Cannot find name 'useMemo'.
client/src/pages/course-detail.tsx(213,35): error TS2304: Cannot find name 'useMemo'.
client/src/pages/course-detail.tsx(219,3): error TS2304: Cannot find name 'useEffect'.
client/src/pages/course-detail.tsx(227,3): error TS2304: Cannot find name 'useEffect'.
client/src/pages/course-new.tsx(27,27): error TS2304: Cannot find name 'useState'.
client/src/pages/course-new.tsx(28,41): error TS2304: Cannot find name 'useState'.
client/src/pages/course-new.tsx(29,35): error TS2304: Cannot find name 'useState'.
client/src/pages/discipline-detail.tsx(77,31): error TS2304: Cannot find name 'useMemo'.
client/src/pages/discipline-detail.tsx(83,30): error TS2304: Cannot find name 'useMemo'.
client/src/pages/discipline-detail.tsx(87,23): error TS2304: Cannot find name 'useMemo'.
client/src/pages/discipline-detail.tsx(102,33): error TS2304: Cannot find name 'useMemo'.
client/src/pages/discipline-detail.tsx(241,55): error TS2304: Cannot find name 'useState'.
client/src/pages/discipline-detail.tsx(261,25): error TS2304: Cannot find name 'useMemo'.
client/src/pages/discipline-detail.tsx(262,29): error TS2304: Cannot find name 'useMemo'.
client/src/pages/discipline-detail.tsx(264,37): error TS2304: Cannot find name 'useMemo'.
client/src/pages/discipline-detail.tsx(270,5): error TS2304: Cannot find name 'useEffect'.
client/src/pages/discipline-detail.tsx(278,5): error TS2304: Cannot find name 'useEffect'.
client/src/pages/disciplines.tsx(49,25): error TS2304: Cannot find name 'useMemo'.
client/src/pages/disciplines.tsx(74,38): error TS2304: Cannot find name 'useMemo'.
client/src/pages/flashcard-edit.tsx(86,37): error TS2304: Cannot find name 'useState'.
client/src/pages/flashcard-edit.tsx(87,35): error TS2304: Cannot find name 'useState'.
client/src/pages/flashcard-edit.tsx(88,35): error TS2304: Cannot find name 'useState'.
client/src/pages/flashcard-edit.tsx(89,53): error TS2304: Cannot find name 'useState'.
client/src/pages/flashcard-edit.tsx(90,41): error TS2304: Cannot find name 'useState'.
client/src/pages/flashcard-edit.tsx(91,20): error TS2304: Cannot find name 'useRef'.
client/src/pages/flashcard-edit.tsx(92,19): error TS2304: Cannot find name 'useRef'.
client/src/pages/flashcard-edit.tsx(98,3): error TS2304: Cannot find name 'useEffect'.
client/src/pages/flashcard-edit.tsx(141,23): error TS2304: Cannot find name 'useCallback'.
client/src/pages/flashcard-new.tsx(228,21): error TS2304: Cannot find name 'useRef'.
client/src/pages/flashcard-new.tsx(229,24): error TS2304: Cannot find name 'useRef'.
client/src/pages/flashcard-new.tsx(230,25): error TS2304: Cannot find name 'useRef'.
client/src/pages/flashcard-new.tsx(231,35): error TS2304: Cannot find name 'useState'.
client/src/pages/flashcard-new.tsx(232,49): error TS2304: Cannot find name 'useState'.
client/src/pages/flashcard-new.tsx(233,35): error TS2304: Cannot find name 'useState'.
client/src/pages/flashcard-new.tsx(235,3): error TS2304: Cannot find name 'useEffect'.
client/src/pages/flashcard-new.tsx(242,23): error TS2304: Cannot find name 'useCallback'.
client/src/pages/flashcard-new.tsx(247,26): error TS2304: Cannot find name 'useCallback'.
client/src/pages/flashcard-new.tsx(253,23): error TS2304: Cannot find name 'useCallback'.
client/src/pages/flashcard-new.tsx(259,22): error TS2304: Cannot find name 'useCallback'.
client/src/pages/flashcard-new.tsx(484,29): error TS2304: Cannot find name 'useState'.
client/src/pages/flashcard-new.tsx(485,47): error TS2304: Cannot find name 'useState'.
client/src/pages/flashcard-new.tsx(486,41): error TS2304: Cannot find name 'useState'.
client/src/pages/flashcard-new.tsx(487,39): error TS2304: Cannot find name 'useState'.
client/src/pages/flashcard-new.tsx(496,3): error TS2304: Cannot find name 'useEffect'.
client/src/pages/flashcard-new.tsx(523,35): error TS7006: Parameter 'c' implicitly has an 'any' type.
client/src/pages/flashcard-new.tsx(556,20): error TS2304: Cannot find name 'useCallback'.
client/src/pages/flashcard-new.tsx(574,18): error TS7006: Parameter 'prev' implicitly has an 'any' type.
client/src/pages/flashcard-new.tsx(574,35): error TS7006: Parameter 'c' implicitly has an 'any' type.
client/src/pages/flashcard-new.tsx(595,3): error TS2304: Cannot find name 'useEffect'.
client/src/pages/flashcard-new.tsx(620,14): error TS7006: Parameter 'prev' implicitly has an 'any' type.
client/src/pages/flashcard-new.tsx(644,14): error TS7006: Parameter 'prev' implicitly has an 'any' type.
client/src/pages/flashcard-new.tsx(644,31): error TS7006: Parameter 'card' implicitly has an 'any' type.
client/src/pages/flashcard-new.tsx(665,37): error TS7006: Parameter 'c' implicitly has an 'any' type.
client/src/pages/flashcard-new.tsx(679,41): error TS7006: Parameter 'c' implicitly has an 'any' type.
client/src/pages/flashcard-new.tsx(720,24): error TS7006: Parameter 'card' implicitly has an 'any' type.
client/src/pages/flashcards-list.tsx(157,41): error TS2304: Cannot find name 'useState'.
client/src/pages/flashcards-list.tsx(158,31): error TS2304: Cannot find name 'useState'.
client/src/pages/flashcards-list.tsx(159,45): error TS2304: Cannot find name 'useState'.
client/src/pages/flashcards-list.tsx(179,39): error TS2304: Cannot find name 'useMemo'.
client/src/pages/flashcards-list.tsx(208,23): error TS2304: Cannot find name 'useMemo'.
client/src/pages/flashcards-list.tsx(363,47): error TS7006: Parameter 'flashcard' implicitly has an 'any' type.
client/src/pages/flashcards-list.tsx(363,58): error TS7006: Parameter 'index' implicitly has an 'any' type.
client/src/pages/goal-new.tsx(27,29): error TS2304: Cannot find name 'useState'.
client/src/pages/goal-new.tsx(28,41): error TS2304: Cannot find name 'useState'.
client/src/pages/goal-new.tsx(29,37): error TS2304: Cannot find name 'useState'.
client/src/pages/goals.tsx(14,45): error TS2304: Cannot find name 'useState'.
client/src/pages/languages.tsx(55,25): error TS2304: Cannot find name 'useMemo'.
client/src/pages/languages.tsx(90,38): error TS2304: Cannot find name 'useMemo'.
client/src/pages/learn.tsx(363,39): error TS2304: Cannot find name 'useState'.
client/src/pages/learn.tsx(364,41): error TS2304: Cannot find name 'useState'.
client/src/pages/learn.tsx(365,43): error TS2304: Cannot find name 'useState'.
client/src/pages/learn.tsx(366,35): error TS2304: Cannot find name 'useState'.
client/src/pages/learn.tsx(367,49): error TS2304: Cannot find name 'useState'.
client/src/pages/learn.tsx(368,49): error TS2304: Cannot find name 'useState'.
client/src/pages/learn.tsx(369,41): error TS2304: Cannot find name 'useState'.
client/src/pages/learn.tsx(383,3): error TS2304: Cannot find name 'useEffect'.
client/src/pages/learn.tsx(510,22): error TS7006: Parameter 'prev' implicitly has an 'any' type.
client/src/pages/learn.tsx(545,3): error TS2304: Cannot find name 'useEffect'.
client/src/pages/material-new.tsx(40,27): error TS2304: Cannot find name 'useState'.
client/src/pages/material-new.tsx(41,29): error TS2304: Cannot find name 'useState'.
client/src/pages/material-new.tsx(42,25): error TS2304: Cannot find name 'useState'.
client/src/pages/material-new.tsx(43,33): error TS2304: Cannot find name 'useState'.
client/src/pages/material-new.tsx(44,39): error TS2304: Cannot find name 'useState'.
client/src/pages/material-new.tsx(45,35): error TS2304: Cannot find name 'useState'.
client/src/pages/material-new.tsx(46,35): error TS2304: Cannot find name 'useState'.
client/src/pages/note-edit.tsx(110,29): error TS2304: Cannot find name 'useState'.
client/src/pages/note-edit.tsx(111,53): error TS2304: Cannot find name 'useState'.
client/src/pages/note-edit.tsx(112,41): error TS2304: Cannot find name 'useState'.
client/src/pages/note-edit.tsx(113,21): error TS2304: Cannot find name 'useRef'.
client/src/pages/note-edit.tsx(120,3): error TS2304: Cannot find name 'useEffect'.
client/src/pages/note-edit.tsx(170,23): error TS2304: Cannot find name 'useCallback'.
client/src/pages/note-edit.tsx(175,25): error TS2304: Cannot find name 'useCallback'.
client/src/pages/planner.tsx(290,43): error TS2304: Cannot find name 'useState'.
client/src/pages/planner.tsx(291,45): error TS2304: Cannot find name 'useState'.
client/src/pages/planner.tsx(292,41): error TS2304: Cannot find name 'useState'.
client/src/pages/planner.tsx(293,37): error TS2304: Cannot find name 'useState'.
client/src/pages/planner.tsx(294,37): error TS2304: Cannot find name 'useState'.
client/src/pages/planner.tsx(295,41): error TS2304: Cannot find name 'useState'.
client/src/pages/planner.tsx(296,57): error TS2304: Cannot find name 'useState'.
client/src/pages/planner.tsx(297,47): error TS2304: Cannot find name 'useState'.
client/src/pages/planner.tsx(298,49): error TS2304: Cannot find name 'useState'.
client/src/pages/planner.tsx(299,53): error TS2304: Cannot find name 'useState'.
client/src/pages/planner.tsx(300,41): error TS2304: Cannot find name 'useState'.
client/src/pages/planner.tsx(301,53): error TS2304: Cannot find name 'useState'.
client/src/pages/planner.tsx(302,49): error TS2304: Cannot find name 'useState'.
client/src/pages/planner.tsx(303,45): error TS2304: Cannot find name 'useState'.
client/src/pages/planner.tsx(304,35): error TS2304: Cannot find name 'useState'.
client/src/pages/planner.tsx(305,41): error TS2304: Cannot find name 'useState'.
client/src/pages/planner.tsx(306,53): error TS2304: Cannot find name 'useState'.
client/src/pages/planner.tsx(307,53): error TS2304: Cannot find name 'useState'.
client/src/pages/planner.tsx(310,43): error TS2304: Cannot find name 'useState'.
client/src/pages/planner.tsx(311,39): error TS2304: Cannot find name 'useState'.
client/src/pages/planner.tsx(312,43): error TS2304: Cannot find name 'useState'.
client/src/pages/planner.tsx(322,61): error TS2304: Cannot find name 'useState'.
client/src/pages/planner.tsx(323,61): error TS2304: Cannot find name 'useState'.
client/src/pages/planner.tsx(324,61): error TS2304: Cannot find name 'useState'.
client/src/pages/planner.tsx(329,19): error TS2304: Cannot find name 'useRef'.
client/src/pages/planner.tsx(330,25): error TS2304: Cannot find name 'useRef'.
client/src/pages/planner.tsx(337,18): error TS2304: Cannot find name 'useMemo'.
client/src/pages/planner.tsx(349,25): error TS2304: Cannot find name 'useMemo'.
client/src/pages/planner.tsx(352,31): error TS7006: Parameter 'pb' implicitly has an 'any' type.
client/src/pages/planner.tsx(366,30): error TS7006: Parameter 't' implicitly has an 'any' type.
client/src/pages/planner.tsx(366,33): error TS7006: Parameter 'idx' implicitly has an 'any' type.
client/src/pages/planner.tsx(390,30): error TS2304: Cannot find name 'useRef'.
client/src/pages/planner.tsx(391,49): error TS2304: Cannot find name 'useState'.
client/src/pages/planner.tsx(395,40): error TS2304: Cannot find name 'useMemo'.
client/src/pages/planner.tsx(406,3): error TS2304: Cannot find name 'useEffect'.
client/src/pages/planner.tsx(417,3): error TS2304: Cannot find name 'useEffect'.
client/src/pages/planner.tsx(421,21): error TS2304: Cannot find name 'useMemo'.
client/src/pages/planner.tsx(544,21): error TS7006: Parameter 'prev' implicitly has an 'any' type.
client/src/pages/planner.tsx(551,38): error TS7006: Parameter 'b' implicitly has an 'any' type.
client/src/pages/planner.tsx(555,41): error TS7006: Parameter 'b' implicitly has an 'any' type.
client/src/pages/planner.tsx(569,37): error TS7006: Parameter 'b' implicitly has an 'any' type.
client/src/pages/planner.tsx(620,34): error TS7006: Parameter 'b' implicitly has an 'any' type.
client/src/pages/planner.tsx(625,40): error TS7006: Parameter 'b' implicitly has an 'any' type.
client/src/pages/planner.tsx(631,25): error TS7006: Parameter 'b' implicitly has an 'any' type.
client/src/pages/planner.tsx(658,34): error TS7006: Parameter 'b' implicitly has an 'any' type.
client/src/pages/planner.tsx(660,45): error TS7006: Parameter 't' implicitly has an 'any' type.
client/src/pages/planner.tsx(665,79): error TS7006: Parameter 't' implicitly has an 'any' type.
client/src/pages/planner.tsx(666,51): error TS7006: Parameter 't' implicitly has an 'any' type.
client/src/pages/planner.tsx(712,34): error TS7006: Parameter 'b' implicitly has an 'any' type.
client/src/pages/planner.tsx(714,48): error TS7006: Parameter 't' implicitly has an 'any' type.
client/src/pages/planner.tsx(728,38): error TS7006: Parameter 'b' implicitly has an 'any' type.
client/src/pages/planner.tsx(729,36): error TS7006: Parameter 'b' implicitly has an 'any' type.
client/src/pages/planner.tsx(733,42): error TS7006: Parameter 't' implicitly has an 'any' type.
client/src/pages/planner.tsx(736,49): error TS7006: Parameter 't' implicitly has an 'any' type.
client/src/pages/planner.tsx(753,34): error TS7006: Parameter 'b' implicitly has an 'any' type.
client/src/pages/planner.tsx(788,42): error TS7006: Parameter 'b' implicitly has an 'any' type.
client/src/pages/planner.tsx(791,42): error TS7006: Parameter 'b' implicitly has an 'any' type.
client/src/pages/planner.tsx(817,53): error TS7006: Parameter 't' implicitly has an 'any' type.
client/src/pages/planner.tsx(825,53): error TS7006: Parameter 't' implicitly has an 'any' type.
client/src/pages/planner.tsx(869,23): error TS7006: Parameter 'prev' implicitly has an 'any' type.
client/src/pages/planner.tsx(883,23): error TS7006: Parameter 'prev' implicitly has an 'any' type.
client/src/pages/planner.tsx(928,27): error TS2304: Cannot find name 'useCallback'.
client/src/pages/planner.tsx(953,26): error TS2304: Cannot find name 'useCallback'.
client/src/pages/planner.tsx(985,25): error TS2304: Cannot find name 'useCallback'.
client/src/pages/planner.tsx(993,36): error TS7006: Parameter 'b' implicitly has an 'any' type.
client/src/pages/planner.tsx(1231,36): error TS7006: Parameter 'hour' implicitly has an 'any' type.
client/src/pages/planner.tsx(1231,42): error TS7006: Parameter 'index' implicitly has an 'any' type.
client/src/pages/planner.tsx(1252,36): error TS7006: Parameter 'hour' implicitly has an 'any' type.
client/src/pages/planner.tsx(1252,42): error TS7006: Parameter 'index' implicitly has an 'any' type.
client/src/pages/planner.tsx(1268,43): error TS7006: Parameter 'b' implicitly has an 'any' type.
client/src/pages/planner.tsx(1268,68): error TS7006: Parameter 'b' implicitly has an 'any' type.
client/src/pages/planner.tsx(1277,29): error TS7006: Parameter 'originalBlock' implicitly has an 'any' type.
client/src/pages/planner.tsx(1283,62): error TS7006: Parameter 'b' implicitly has an 'any' type.
client/src/pages/profile.tsx(14,39): error TS2304: Cannot find name 'useState'.
client/src/pages/profile.tsx(43,3): error TS2304: Cannot find name 'useEffect'.
client/src/pages/second-brain.tsx(55,25): error TS2304: Cannot find name 'useMemo'.
client/src/pages/second-brain.tsx(90,38): error TS2304: Cannot find name 'useMemo'.
client/src/pages/social/profile-view.tsx(35,39): error TS2304: Cannot find name 'useState'.
client/src/pages/social/profile-view.tsx(36,45): error TS2304: Cannot find name 'useState'.
client/src/pages/social/profile-view.tsx(37,35): error TS2304: Cannot find name 'useState'.
client/src/pages/studies.tsx(61,51): error TS2304: Cannot find name 'useState'.
client/src/pages/studies.tsx(62,43): error TS2304: Cannot find name 'useState'.
client/src/pages/studies.tsx(74,25): error TS2304: Cannot find name 'useMemo'.
client/src/pages/studies.tsx(133,38): error TS2304: Cannot find name 'useMemo'.
client/src/pages/theme-detail.tsx(77,29): error TS2304: Cannot find name 'useMemo'.
client/src/pages/theme-detail.tsx(83,28): error TS2304: Cannot find name 'useMemo'.
client/src/pages/theme-detail.tsx(87,21): error TS2304: Cannot find name 'useMemo'.
client/src/pages/theme-detail.tsx(100,31): error TS2304: Cannot find name 'useMemo'.
client/src/pages/theme-detail.tsx(198,53): error TS2304: Cannot find name 'useState'.
client/src/pages/theme-detail.tsx(217,23): error TS2304: Cannot find name 'useMemo'.
client/src/pages/theme-detail.tsx(218,27): error TS2304: Cannot find name 'useMemo'.
client/src/pages/theme-detail.tsx(220,35): error TS2304: Cannot find name 'useMemo'.
client/src/pages/theme-detail.tsx(226,3): error TS2304: Cannot find name 'useEffect'.
client/src/pages/theme-detail.tsx(234,3): error TS2304: Cannot find name 'useEffect'.
client/src/pages/theme-new.tsx(21,27): error TS2304: Cannot find name 'useState'.
client/src/pages/theme-new.tsx(22,41): error TS2304: Cannot find name 'useState'.
