client/src/pages/planner.tsx(9,58): error TS2307: Cannot find module '@/components/ui/card' or its corresponding type declarations.
client/src/pages/planner.tsx(10,24): error TS2307: Cannot find module '@/components/ui/button' or its corresponding type declarations.
client/src/pages/planner.tsx(11,23): error TS2307: Cannot find module '@/components/ui/badge' or its corresponding type declarations.
client/src/pages/planner.tsx(36,36): error TS2307: Cannot find module '@/components/dialogs/add-time-block-dialog' or its corresponding type declarations.
client/src/pages/planner.tsx(37,31): error TS2307: Cannot find module '@/components/dialogs/add-task-dialog' or its corresponding type declarations.
client/src/pages/planner.tsx(38,23): error TS2307: Cannot find module '@/components/ui/input' or its corresponding type declarations.
client/src/pages/planner.tsx(40,34): error TS2307: Cannot find module '@/components/circular-progress' or its corresponding type declarations.
client/src/pages/planner.tsx(41,28): error TS2307: Cannot find module '@/lib/queryClient' or its corresponding type declarations.
client/src/pages/planner.tsx(42,26): error TS2307: Cannot find module '@/hooks/use-toast' or its corresponding type declarations.
client/src/pages/planner.tsx(47,8): error TS2307: Cannot find module '@/components/ui/chart' or its corresponding type declarations.
client/src/pages/planner.tsx(53,8): error TS2307: Cannot find module '@/components/ui/popover' or its corresponding type declarations.
client/src/pages/planner.tsx(54,56): error TS2307: Cannot find module '@shared/schema' or its corresponding type declarations.
client/src/pages/planner.tsx(445,28): error TS2448: Block-scoped variable 'displayBlocks' used before its declaration.
client/src/pages/planner.tsx(1546,13): error TS2554: Expected 2-3 arguments, but got 4.
